2020-11-02 13:34:49 WARNING (MainThread) [homeassistant.loader] You are using a custom integration for browser_mod which has not been tested by Home Assistant. This component might cause stability problems, be sure to disable it if you experience issues with Home Assistant.
2020-11-02 13:34:49 WARNING (MainThread) [homeassistant.loader] You are using a custom integration for hacs which has not been tested by Home Assistant. This component might cause stability problems, be sure to disable it if you experience issues with Home Assistant.
2020-11-02 13:34:49 WARNING (MainThread) [homeassistant.loader] You are using a custom integration for sonoff which has not been tested by Home Assistant. This component might cause stability problems, be sure to disable it if you experience issues with Home Assistant.
2020-11-02 13:34:49 WARNING (MainThread) [homeassistant.loader] You are using a custom integration for nodered which has not been tested by Home Assistant. This component might cause stability problems, be sure to disable it if you experience issues with Home Assistant.
2020-11-02 13:34:50 WARNING (MainThread) [homeassistant.components.http] The 'base_url' option is deprecated, please remove it from your configuration
2020-11-02 13:35:00 WARNING (MainThread) [homeassistant.setup] Setup of recorder is taking over 10 seconds.
2020-11-02 13:35:13 WARNING (MainThread) [homeassistant.components.lovelace] Resources need to be specified in your configuration.yaml. Please see the docs
2020-11-02 13:35:24 WARNING (MainThread) [homeassistant.components.ipma.weather] Loading IPMA via platform config is deprecated
2020-11-02 13:35:25 WARNING (MainThread) [homeassistant.components.template.sensor] The 'entity_id' option is deprecated, please remove it from your configuration
2020-11-02 13:35:25 ERROR (MainThread) [homeassistant.components.mqtt] Failed to connect to MQTT server due to exception: [Errno -3] Try again
2020-11-02 13:35:25 ERROR (MainThread) [homeassistant.config_entries] Error setting up entry Vodafone HG8247Q Gateway for upnp
Traceback (most recent call last):
  File "/usr/src/homeassistant/homeassistant/config_entries.py", line 234, in async_setup
    result = await component.async_setup_entry(hass, self)  # type: ignore
  File "/usr/src/homeassistant/homeassistant/components/upnp/__init__.py", line 113, in async_setup_entry
    device = await async_discover_and_construct(hass, udn, st)
  File "/usr/src/homeassistant/homeassistant/components/upnp/__init__.py", line 46, in async_discover_and_construct
    discovery_infos = await Device.async_discover(hass)
  File "/usr/src/homeassistant/homeassistant/components/upnp/device.py", line 49, in async_discover
    discovery_infos = await IgdDevice.async_search(source_ip=local_ip, timeout=10)
  File "/usr/local/lib/python3.8/site-packages/async_upnp_client/profiles/profile.py", line 55, in async_search
    await async_search(async_callback=on_response, source_ip=source_ip, timeout=timeout)
  File "/usr/local/lib/python3.8/site-packages/async_upnp_client/search.py", line 32, in async_search
    sock.bind((source_ip.compressed, 0))
OSError: [Errno 99] Address not available
2020-11-02 13:35:26 WARNING (MainThread) [homeassistant.setup] Setup of browser_mod is taking over 10 seconds.
2020-11-02 13:35:28 WARNING (MainThread) [homeassistant.setup] Setup of input_number is taking over 10 seconds.
2020-11-02 13:35:28 WARNING (MainThread) [homeassistant.setup] Setup of input_boolean is taking over 10 seconds.
2020-11-02 13:35:29 WARNING (SyncWorker_25) [homeassistant.components.bluetooth_le_tracker.device_tracker] No Bluetooth LE devices to track!
2020-11-02 13:35:29 ERROR (MainThread) [homeassistant.components.device_tracker] Error setting up platform legacy
2020-11-02 13:35:30 INFO (MainThread) [pyipma.location] Using S. Gens as weather station for Porto
2020-11-02 13:35:35 ERROR (MainThread) [custom_components.sonoff.sonoff_cloud] Cloud mode cannot work simultaneously with two copies of component. Read more: https://github.com/AlexxIT/SonoffLAN#config-examples
2020-11-02 13:36:20 ERROR (MainThread) [homeassistant.components.google_assistant.http] Request for https://homegraph.googleapis.com/v1/devices:reportStateAndNotification failed: 404
2020-11-02 13:36:32 ERROR (MainThread) [homeassistant.helpers.event] Error while processing template: Template("{{ ((18 + states.sun.sun.attributes.elevation | float ) * (1 - ((states.sensor.weather_cloudiness.state | float / 150)))) |float|round(1) }}")
Traceback (most recent call last):
  File "/usr/src/homeassistant/homeassistant/helpers/template.py", line 421, in async_render
    render_result = compiled.render(kwargs)
  File "/usr/local/lib/python3.8/site-packages/jinja2/environment.py", line 1090, in render
    self.environment.handle_exception()
  File "/usr/local/lib/python3.8/site-packages/jinja2/environment.py", line 832, in handle_exception
    reraise(*rewrite_traceback_stack(source=source))
  File "/usr/local/lib/python3.8/site-packages/jinja2/_compat.py", line 28, in reraise
    raise value.with_traceback(tb)
  File "<template>", line 1, in top-level template code
  File "/usr/local/lib/python3.8/site-packages/jinja2/filters.py", line 794, in do_float
    return float(value)
jinja2.exceptions.UndefinedError: 'None' has no attribute 'state'

The above exception was the direct cause of the following exception:

Traceback (most recent call last):
  File "/usr/src/homeassistant/homeassistant/helpers/template.py", line 518, in async_render_to_info
    render_info._result = self.async_render(variables, **kwargs)
  File "/usr/src/homeassistant/homeassistant/helpers/template.py", line 423, in async_render
    raise TemplateError(err) from err
homeassistant.exceptions.TemplateError: UndefinedError: 'None' has no attribute 'state'
2020-11-02 13:36:32 ERROR (MainThread) [homeassistant.components.template.template_entity] TemplateError('UndefinedError: 'None' has no attribute 'state'') while processing template 'Template("{{ ((18 + states.sun.sun.attributes.elevation | float ) * (1 - ((states.sensor.weather_cloudiness.state | float / 150)))) |float|round(1) }}")' for attribute '_state' in entity 'sensor.ambient_light_calc'
2020-11-02 13:36:32 ERROR (MainThread) [homeassistant.components.google_assistant.http] Request for https://homegraph.googleapis.com/v1/devices:reportStateAndNotification failed: 404
2020-11-02 13:36:33 ERROR (MainThread) [homeassistant.components.google_assistant.http] Request for https://homegraph.googleapis.com/v1/devices:reportStateAndNotification failed: 404
2020-11-02 13:36:33 ERROR (MainThread) [homeassistant.components.google_assistant.http] Request for https://homegraph.googleapis.com/v1/devices:reportStateAndNotification failed: 404
2020-11-02 13:36:36 WARNING (MainThread) [custom_components.hacs] You have maykar/custom-header installed with HACS this repository has been removed, please consider removing it. Removal reason (remove)
2020-11-02 13:36:36 ERROR (MainThread) [custom_components.hacs.factory] maykar/custom-header - Repository is archived.
2020-11-02 13:37:00 ERROR (Thread-8) [pychromecast.socket_client] [Living Room TV(192.168.1.69):8009] Error reading from socket.
2020-11-02 13:37:00 WARNING (Thread-8) [pychromecast.socket_client] [Living Room TV(192.168.1.69):8009] Error communicating with socket, resetting connection
2020-11-02 13:37:06 WARNING (MainThread) [homeassistant.components.light] Updating tplink light took longer than the scheduled update interval 0:00:05
2020-11-02 13:37:06 WARNING (MainThread) [homeassistant.components.switch] Updating adguard switch took longer than the scheduled update interval 0:00:10
2020-11-02 13:37:43 ERROR (MainThread) [homeassistant.components.google_assistant.http] Request for https://homegraph.googleapis.com/v1/devices:reportStateAndNotification failed: 404
2020-11-02 13:37:49 ERROR (MainThread) [homeassistant.components.google_assistant.http] Request for https://homegraph.googleapis.com/v1/devices:reportStateAndNotification failed: 404
2020-11-02 13:37:56 ERROR (MainThread) [homeassistant.components.google_assistant.http] Request for https://homegraph.googleapis.com/v1/devices:reportStateAndNotification failed: 404
2020-11-02 13:37:57 ERROR (MainThread) [homeassistant.components.google_assistant.http] Request for https://homegraph.googleapis.com/v1/devices:reportStateAndNotification failed: 404
2020-11-02 13:38:08 ERROR (MainThread) [homeassistant.components.google_assistant.http] Request for https://homegraph.googleapis.com/v1/devices:reportStateAndNotification failed: 404
2020-11-02 13:38:21 ERROR (MainThread) [homeassistant.components.google_assistant.http] Request for https://homegraph.googleapis.com/v1/devices:reportStateAndNotification failed: 404
2020-11-02 13:38:38 ERROR (MainThread) [homeassistant.components.google_assistant.http] Request for https://homegraph.googleapis.com/v1/devices:reportStateAndNotification failed: 404
2020-11-02 13:38:53 ERROR (MainThread) [homeassistant.components.google_assistant.http] Request for https://homegraph.googleapis.com/v1/devices:reportStateAndNotification failed: 404
2020-11-02 13:39:01 ERROR (MainThread) [homeassistant.components.google_assistant.http] Request for https://homegraph.googleapis.com/v1/devices:reportStateAndNotification failed: 404
2020-11-02 13:39:02 ERROR (MainThread) [homeassistant.components.google_assistant.http] Request for https://homegraph.googleapis.com/v1/devices:reportStateAndNotification failed: 404
2020-11-02 13:39:14 ERROR (MainThread) [homeassistant.components.google_assistant.http] Request for https://homegraph.googleapis.com/v1/devices:reportStateAndNotification failed: 404
2020-11-02 13:39:28 ERROR (MainThread) [homeassistant.components.google_assistant.http] Request for https://homegraph.googleapis.com/v1/devices:reportStateAndNotification failed: 404
2020-11-02 13:39:48 ERROR (MainThread) [homeassistant.components.google_assistant.http] Request for https://homegraph.googleapis.com/v1/devices:reportStateAndNotification failed: 404
2020-11-02 13:39:55 ERROR (MainThread) [homeassistant.components.google_assistant.http] Request for https://homegraph.googleapis.com/v1/devices:reportStateAndNotification failed: 404
2020-11-02 13:40:07 ERROR (MainThread) [homeassistant.components.google_assistant.http] Request for https://homegraph.googleapis.com/v1/devices:reportStateAndNotification failed: 404
2020-11-02 13:40:20 ERROR (MainThread) [homeassistant.components.google_assistant.http] Request for https://homegraph.googleapis.com/v1/devices:reportStateAndNotification failed: 404
2020-11-02 13:40:56 ERROR (MainThread) [homeassistant.components.google_assistant.http] Request for https://homegraph.googleapis.com/v1/devices:reportStateAndNotification failed: 404
2020-11-02 13:41:10 ERROR (MainThread) [homeassistant.components.google_assistant.http] Request for https://homegraph.googleapis.com/v1/devices:reportStateAndNotification failed: 404
2020-11-02 13:41:19 ERROR (MainThread) [homeassistant.components.google_assistant.http] Request for https://homegraph.googleapis.com/v1/devices:reportStateAndNotification failed: 404
2020-11-02 13:41:33 ERROR (MainThread) [homeassistant.components.google_assistant.http] Request for https://homegraph.googleapis.com/v1/devices:reportStateAndNotification failed: 404
2020-11-02 13:41:51 ERROR (MainThread) [homeassistant.components.google_assistant.http] Request for https://homegraph.googleapis.com/v1/devices:reportStateAndNotification failed: 404
2020-11-02 13:42:04 ERROR (MainThread) [homeassistant.components.google_assistant.http] Request for https://homegraph.googleapis.com/v1/devices:reportStateAndNotification failed: 404
2020-11-02 13:42:16 ERROR (MainThread) [homeassistant.components.google_assistant.http] Request for https://homegraph.googleapis.com/v1/devices:reportStateAndNotification failed: 404
2020-11-02 13:42:23 ERROR (MainThread) [homeassistant.components.google_assistant.http] Request for https://homegraph.googleapis.com/v1/devices:reportStateAndNotification failed: 404
2020-11-02 13:42:30 ERROR (MainThread) [homeassistant.components.google_assistant.http] Request for https://homegraph.googleapis.com/v1/devices:reportStateAndNotification failed: 404
2020-11-02 13:42:31 ERROR (MainThread) [homeassistant.components.google_assistant.http] Request for https://homegraph.googleapis.com/v1/devices:reportStateAndNotification failed: 404
2020-11-02 13:42:43 ERROR (MainThread) [homeassistant.components.google_assistant.http] Request for https://homegraph.googleapis.com/v1/devices:reportStateAndNotification failed: 404
2020-11-02 13:42:50 ERROR (MainThread) [homeassistant.components.google_assistant.http] Request for https://homegraph.googleapis.com/v1/devices:reportStateAndNotification failed: 404
2020-11-02 13:43:05 ERROR (MainThread) [homeassistant.components.google_assistant.http] Request for https://homegraph.googleapis.com/v1/devices:reportStateAndNotification failed: 404
2020-11-02 13:43:05 ERROR (MainThread) [homeassistant.components.google_assistant.http] Request for https://homegraph.googleapis.com/v1/devices:reportStateAndNotification failed: 404
2020-11-02 13:43:18 ERROR (MainThread) [homeassistant.components.google_assistant.http] Request for https://homegraph.googleapis.com/v1/devices:reportStateAndNotification failed: 404
2020-11-02 13:43:27 ERROR (MainThread) [homeassistant.components.google_assistant.http] Request for https://homegraph.googleapis.com/v1/devices:reportStateAndNotification failed: 404
2020-11-02 13:43:34 ERROR (MainThread) [homeassistant.components.google_assistant.http] Request for https://homegraph.googleapis.com/v1/devices:reportStateAndNotification failed: 404
2020-11-02 13:43:49 ERROR (MainThread) [homeassistant.components.google_assistant.http] Request for https://homegraph.googleapis.com/v1/devices:reportStateAndNotification failed: 404
2020-11-02 13:43:51 ERROR (MainThread) [homeassistant.components.google_assistant.http] Request for https://homegraph.googleapis.com/v1/devices:reportStateAndNotification failed: 404
2020-11-02 13:43:51 ERROR (MainThread) [homeassistant.components.google_assistant.http] Request for https://homegraph.googleapis.com/v1/devices:reportStateAndNotification failed: 404
2020-11-02 13:43:51 ERROR (MainThread) [homeassistant.components.google_assistant.http] Request for https://homegraph.googleapis.com/v1/devices:reportStateAndNotification failed: 404
2020-11-02 13:43:51 ERROR (MainThread) [homeassistant.components.google_assistant.http] Request for https://homegraph.googleapis.com/v1/devices:reportStateAndNotification failed: 404
2020-11-02 13:43:51 ERROR (MainThread) [homeassistant.components.google_assistant.http] Request for https://homegraph.googleapis.com/v1/devices:reportStateAndNotification failed: 404
2020-11-02 13:43:54 ERROR (MainThread) [homeassistant.components.google_assistant.http] Request for https://homegraph.googleapis.com/v1/devices:reportStateAndNotification failed: 404
2020-11-02 13:44:08 ERROR (MainThread) [homeassistant.components.google_assistant.http] Request for https://homegraph.googleapis.com/v1/devices:reportStateAndNotification failed: 404
2020-11-02 13:44:11 ERROR (MainThread) [homeassistant.components.google_assistant.http] Request for https://homegraph.googleapis.com/v1/devices:reportStateAndNotification failed: 404
2020-11-02 13:44:11 ERROR (MainThread) [homeassistant.components.google_assistant.http] Request for https://homegraph.googleapis.com/v1/devices:reportStateAndNotification failed: 404
2020-11-02 13:44:11 ERROR (MainThread) [homeassistant.components.google_assistant.http] Request for https://homegraph.googleapis.com/v1/devices:reportStateAndNotification failed: 404
2020-11-02 13:44:11 ERROR (MainThread) [homeassistant.components.google_assistant.http] Request for https://homegraph.googleapis.com/v1/devices:reportStateAndNotification failed: 404
2020-11-02 13:44:11 ERROR (MainThread) [homeassistant.components.google_assistant.http] Request for https://homegraph.googleapis.com/v1/devices:reportStateAndNotification failed: 404
2020-11-02 13:44:15 ERROR (MainThread) [homeassistant.components.google_assistant.http] Request for https://homegraph.googleapis.com/v1/devices:reportStateAndNotification failed: 404
